#-----------------------------------------------------------
# Vivado v2025.1 (64-bit)
# SW Build 6140274 on Thu May 22 00:12:29 MDT 2025
# IP Build 6138677 on Thu May 22 03:10:11 MDT 2025
# SharedData Build 6139179 on Tue May 20 17:58:58 MDT 2025
# Start of session at: Thu Sep 24 02:42:43 2026
# Process ID         : 19380
# Current directory  : C:/Users/onepl/Desktop/systolic-array-workshop
# Command line       : vivado.exe -mode batch -source scripts\run_synth.tcl -log fpga\vivado_synth.log -journal fpga\vivado_synth.jou
# Log file           : C:/Users/onepl/Desktop/systolic-array-workshop/fpga/vivado_synth.log
# Journal file       : C:/Users/onepl/Desktop/systolic-array-workshop\fpga\vivado_synth.jou
# Running On         : penguinw
# Platform           : Windows Server 2016 or Windows 10
# Operating System   : 26200
# Processor Detail   : AMD Ryzen 5 PRO 7540U w/ Radeon 740M Graphics  
# CPU Frequency      : 3194 MHz
# CPU Physical cores : 6
# CPU Logical cores  : 12
# Host memory        : 32980 MB
# Swap memory        : 11599 MB
# Total Virtual      : 44580 MB
# Available Virtual  : 6477 MB
#-----------------------------------------------------------
source {scripts\run_synth.tcl}
# set script_dir  [file dirname [file normalize [info script]]]
# set root_dir    [file normalize [file join $script_dir ..]]
# set project_dir [file join $root_dir fpga project]
# set rtl_dir     [file join $root_dir rtl]
# set fpga_dir    [file join $root_dir fpga]
# set part       "xc7z007sclg400-1"
# set board_part "digilentinc.com:cora-z7-07s:part0:1.1"
# set board_repo "C:/Xilinx/vivado-boards/new/board_files"
# set design_name block_design
# set_param board.repoPaths [list $board_repo]
# file mkdir $project_dir
# create_project systolic_array $project_dir -part $part -force
create_project: Time (s): cpu = 00:00:17 ; elapsed = 00:00:19 . Memory (MB): peak = 579.547 ; gain = 287.234
# if {[catch {set_property board_part $board_part [current_project]} err]} {
#     puts "WARNING: board_part '$board_part' not applied: $err"
#     puts "         Continuing with part $part only — check BOARD.REPO_PATHS."
# }
# set rtl_files [lsort [glob -nocomplain [file join $rtl_dir *.sv]]]
# if {[llength $rtl_files] == 0} {
#     error "No RTL .sv files found in $rtl_dir"
# }
# add_files -norecurse $rtl_files
# update_compile_order -fileset sources_1
# add_files -fileset constrs_1 [file join $fpga_dir constraints.xdc]
# source [file join $fpga_dir block_design.tcl]
## set design_name block_design
## create_bd_design block_design
Wrote  : <C:\Users\onepl\Desktop\systolic-array-workshop\fpga\project\systolic_array.srcs\sources_1\bd\block_design\block_design.bd> 
create_bd_design: Time (s): cpu = 00:00:01 ; elapsed = 00:00:05 . Memory (MB): peak = 611.898 ; gain = 23.500
## create_bd_cell -type ip -vlnv xilinx.com:ip:processing_system7:5.5 processing_system7_0
## apply_bd_automation -rule xilinx.com:bd_rule:processing_system7 \
##     -config {make_external "FIXEDIO, DDR" apply_board_preset "1" Master "Disable" Slave "Disable"} \
##     [get_bd_cells processing_system7_0]
## set_property -dict [list \
##     CONFIG.PCW_USE_M_AXI_GP0 {1} \
##     CONFIG.PCW_FPGA0_PERIPHERAL_FREQMHZ {125} \
## ] [get_bd_cells processing_system7_0]
CRITICAL WARNING: [PSU-1]  Parameter : PCW_UIPARAM_DDR_DQS_TO_CLK_DELAY_2 has negative value -0.009 . PS DDR interfaces might fail when entering negative DQS skew values. 
CRITICAL WARNING: [PSU-2]  Parameter : PCW_UIPARAM_DDR_DQS_TO_CLK_DELAY_3 has negative value -0.033 . PS DDR interfaces might fail when entering negative DQS skew values. 
## create_bd_cell -type ip -vlnv xilinx.com:ip:proc_sys_reset:5.0 rst_ps7_0_125M
INFO: [Ipptcl 7-1463] No Compatible Board Interface found. Board Tab not created in customize GUI
## create_bd_cell -type ip -vlnv xilinx.com:ip:axi_interconnect:2.1 axi_interconnect_0
## set_property -dict [list CONFIG.NUM_MI {1}] [get_bd_cells axi_interconnect_0]
## create_bd_cell -type module -reference axi_wrapper axi_wrapper_0
ERROR: [filemgmt 56-195] Reference 'axi_wrapper' contains top file 'C:/Users/onepl/Desktop/systolic-array-workshop/rtl/axi_wrapper.sv' of type SystemVerilog. This type is not allowed as the top file in the reference.
ERROR: [BD 41-1690] Unable to resolve module-source based on inputs: axi_wrapper
ERROR: [BD 5-7] Error: running create_bd_cell  -type module -reference axi_wrapper -name axi_wrapper_0 .
ERROR: [Common 17-39] 'create_bd_cell' failed due to earlier errors.

    while executing
"create_bd_cell -type module -reference axi_wrapper axi_wrapper_0"
    (file "C:/Users/onepl/Desktop/systolic-array-workshop/fpga/block_design.tcl" line 38)

    while executing
"source [file join $fpga_dir block_design.tcl]"
    (file "scripts\run_synth.tcl" line 43)
INFO: [Common 17-206] Exiting Vivado at Thu Sep 24 02:43:36 2026...
